~~ Round 1 ~~
Player Wizard 1 was killed by Rogue 0

~~ Round 2 ~~
Angel LifeGiver was spawned at 2 2

~~ Round 3 ~~
Angel SmallAngel was spawned at 2 2

~~ Round 4 ~~
Angel Dracula was spawned at 1 2

~~ Round 5 ~~
Player Wizard 2 was killed by Rogue 0
Angel Spawner was spawned at 0 1

~~ Results ~~
R 4 400 760 1 1
W dead
W dead
W 0 0 325 1 2
